// Jest Snapshot v1, https://goo.gl/fbAQLP

exports[`<Settings /> should match snapshot 1`] = `
<body>
  <div>
    <header>
      <h1>
        <button>
          <img
            alt="icon: arrow-left"
            class="icon arrow-left "
          />
        </button>
        
    Settings
      </h1>
    </header>
     
    <div
      class="settings"
    >
      <div
        class="setting center"
      >
        <div
          class="theme-switch"
        >
          <button
            class="light"
            type="button"
          >
            Light
          </button>
           
          <button
            class="dark"
            type="button"
          >
            Dark
          </button>
        </div>
      </div>
       
      <div
        class="setting"
      >
        <div
          class="checkbox"
        >
          <input
            type="checkbox"
          />
           
          <label />
        </div>
         
        <h2>
          Close extension after copying a gitmoji
        </h2>
      </div>
       
      <div
        class="setting"
      >
        <div
          class="checkbox"
        >
          <input
            type="checkbox"
          />
           
          <label />
        </div>
         
        <h2>
          Show description on hover or focus
        </h2>
      </div>
       
      <hr />
       
      <div
        class="setting"
      >
        <div
          class="checkbox"
        >
          <input
            type="checkbox"
          />
           
          <label />
        </div>
         
        <h2>
          Inject ðŸ”€ gitmoji in GitHub/GitLab pull-request commit's message
        </h2>
      </div>
       
      <div
        class="setting center"
      >
        <div
          class="merge-gitmoji-type-select"
        >
          <h3>
            Select which type of gitmoji you want to use (code/emoji):
          </h3>
           
          <select>
            <option
              value="emoji"
            >
              ðŸ”€ 
            </option>
            <option
              value="code"
            >
              :twisted_rightwards_arrows:
            </option>
          </select>
        </div>
      </div>
    </div>
  </div>
</body>
`;
